../Core/Src/main.c:150:7:button_event_handler	24	static
../Core/Src/main.c:201:11:read_button_level	16	static
../Core/Src/main.c:215:5:main	216	static
../Core/Src/main.c:317:6:SystemClock_Config	88	static
../Core/Src/main.c:376:13:MX_RTC_Init	8	static
../Core/Src/main.c:439:13:MX_USART3_UART_Init	8	static
../Core/Src/main.c:474:13:MX_GPIO_Init	64	static
../Core/Src/main.c:536:10:get_timestamp	48	static
../Core/Src/main.c:556:6:sntp_set_time	128	static
../Core/Src/main.c:602:1:__io_putchar	16	static
../Core/Src/main.c:612:6:parse_string	64	static
../Core/Src/main.c:677:6:StartWebServerTask	16	static
../Core/Src/main.c:711:6:StartSSIDTask	16	static
../Core/Src/main.c:736:6:StartCronTask	72	static
../Core/Src/main.c:814:6:StartOutputTask	16	static
../Core/Src/main.c:850:6:StartConfigTask	48	static
../Core/Src/main.c:938:6:StartInputTask	576	static
../Core/Src/main.c:1043:6:HAL_TIM_PeriodElapsedCallback	16	static
../Core/Src/main.c:1060:6:Error_Handler	4	static,ignoring_inline_asm
