../Drivers/CMSIS/Include/core_cm7.h:2147:34:__NVIC_SystemReset	4	static,ignoring_inline_asm
../Core/Src/webserver.c:53:7:randomSSIDGeneration	24	static
../Core/Src/webserver.c:72:6:restartSSID	8	static
../Core/Src/webserver.c:77:6:clearPin	24	static
../Core/Src/webserver.c:106:5:MultiPartTabCount	32	static
../Core/Src/webserver.c:130:14:ssi_handler	168	static
../Core/Src/webserver.c:511:13:FormCGI_Handler	32	static
../Core/Src/webserver.c:540:13:LoginCGI_Handler	32	static
../Core/Src/webserver.c:565:13:SelectCGI_Handler	32	static
../Core/Src/webserver.c:593:13:RelayCGI_Handler	32	static
../Core/Src/webserver.c:620:13:ButtonCGI_Handler	48	static
../Core/Src/webserver.c:695:13:SettingCGI_Handler	32	static
../Core/Src/webserver.c:724:13:TimerCGI_Handler	32	static
../Core/Src/webserver.c:751:13:LogoutCGI_Handler	24	static
../Core/Src/webserver.c:763:13:TabjsonCGI_Handler	32	static
../Core/Src/webserver.c:806:13:SelectSetCGI_Handler	40	static
../Core/Src/webserver.c:851:13:FormRelayCGI_Handler	32	static
../Core/Src/webserver.c:888:13:FormButtonCGI_Handler	32	static
../Core/Src/webserver.c:925:13:FormPinToPinCGI_Handler	32	static
../Core/Src/webserver.c:961:13:OnOffSetCGI_Handler	40	static
../Core/Src/webserver.c:1001:14:FormjsonCGI_Handler	32	static
../Core/Src/webserver.c:1031:14:SettingsCGI_Handler	32	static
../Core/Src/webserver.c:1058:14:FormcronCGI_Handler	32	static
../Core/Src/webserver.c:1092:13:CronCGI_Handler	40	static
../Core/Src/webserver.c:1127:13:RebootCGI_Handler	32	static
../Core/Src/webserver.c:1162:13:ApiCGI_Handler	48	static
../Core/Src/webserver.c:1211:6:setPinRelay	24	static
../Core/Src/webserver.c:1235:6:setPinButtom	24	static
../Core/Src/webserver.c:1262:6:setCron	80	static
../Core/Src/webserver.c:1280:6:url_decode	32	static
../Core/Src/webserver.c:1302:6:parserIP	24	static
../Core/Src/webserver.c:1318:6:setSettings	96	static
../Core/Src/webserver.c:1396:7:httpd_post_begin	32	static
../Core/Src/webserver.c:1430:7:httpd_post_receive_data	16	static
../Core/Src/webserver.c:1462:6:httpd_post_finished	56	static
../Core/Src/webserver.c:1551:6:http_server_init	8	static
